{
  "version": "1.5.0",
  "plugins_used": [
    {
      "name": "ArtifactoryDetector"
    },
    {
      "name": "AWSKeyDetector"
    },
    {
      "name": "Base64HighEntropyString",
      "limit": 4.5
    },
    {
      "name": "BasicAuthDetector"
    },
    {
      "name": "CloudantDetector"
    },
    {
      "name": "HexHighEntropyString",
      "limit": 3.0
    },
    {
      "name": "JwtTokenDetector"
    },
    {
      "name": "KeywordDetector",
      "keyword_exclude": ""
    },
    {
      "name": "MailchimpDetector"
    },
    {
      "name": "PrivateKeyDetector"
    },
    {
      "name": "SlackDetector"
    },
    {
      "name": "StripeDetector"
    }
  ],
  "filters_used": [
    {
      "path": "detect_secrets.filters.allowlist.is_line_allowlisted"
    },
    {
      "path": "detect_secrets.filters.common.is_baseline_file",
      "filename": ".secrets.baseline"
    },
    {
      "path": "detect_secrets.filters.common.is_ignored_due_to_verification_policies",
      "min_level": 2
    }
  ],
  "results": {
    "CRUSH-CONFIG-AUDIT.md": [
      {
        "type": "Secret Keyword",
        "filename": "CRUSH-CONFIG-AUDIT.md",
        "hashed_secret": "78a9b8b10d912ca16811327123f140d9e200344d",
        "is_verified": false,
        "line_number": 96
      }
    ],
    "CRUSH-CONFIG-FIX.json": [
      {
        "type": "Secret Keyword",
        "filename": "CRUSH-CONFIG-FIX.json",
        "hashed_secret": "78a9b8b10d912ca16811327123f140d9e200344d",
        "is_verified": false,
        "line_number": 9
      }
    ],
    "claudedocs/python-security-hardening-recommendations.md": [
      {
        "type": "Hex High Entropy String",
        "filename": "claudedocs/python-security-hardening-recommendations.md",
        "hashed_secret": "90bd1b48e958257948487b90bee080ba5ed00caa",
        "is_verified": false,
        "line_number": 1292
      }
    ],
    "config/litellm-unified.yaml": [
      {
        "type": "Secret Keyword",
        "filename": "config/litellm-unified.yaml",
        "hashed_secret": "b5c2827eb65bf13b87130e7e3c424ba9ff07cd67",
        "is_verified": true,
        "line_number": 57,
        "is_secret": false
      },
      {
        "type": "Secret Keyword",
        "filename": "config/litellm-unified.yaml",
        "hashed_secret": "032def9d43b6d5a1af52515e299fd11cd244d421",
        "is_verified": false,
        "line_number": 83
      }
    ],
    "docs/crush-integration.md": [
      {
        "type": "Secret Keyword",
        "filename": "docs/crush-integration.md",
        "hashed_secret": "b5c2827eb65bf13b87130e7e3c424ba9ff07cd67",
        "is_verified": false,
        "line_number": 51
      },
      {
        "type": "Secret Keyword",
        "filename": "docs/crush-integration.md",
        "hashed_secret": "aecdccc1cf64595b34e0cc152d238daabb32183a",
        "is_verified": false,
        "line_number": 101
      }
    ],
    "docs/ollama-cloud-setup.md": [
      {
        "type": "Secret Keyword",
        "filename": "docs/ollama-cloud-setup.md",
        "hashed_secret": "a8253456364f1bfc7da7ae4a1db5b45d106317a5",
        "is_verified": false,
        "line_number": 12
      }
    ]
  },
  "generated_at": "2025-10-29T16:41:16Z"
}
